---
source: crates/extractors/tests/fixture_set_snapshot.rs
assertion_line: 46
expression: "extract_mentions(&body, &canonical_config())"
---
- entity: Pinecone
  char_offset: 44
  rank: 1
  matched_text: Pinecone
  is_brand: true
  sentiment:
    label: positive
    score: 80
    lane: deterministic_lexicon
- entity: Qdrant
  char_offset: 144
  rank: 2
  matched_text: Qdrant
  is_brand: false
  sentiment:
    label: positive
    score: 80
    lane: deterministic_lexicon
- entity: Weaviate
  char_offset: 232
  rank: 3
  matched_text: Weaviate
  is_brand: false
  sentiment:
    label: positive
    score: 80
    lane: deterministic_lexicon
