---
source: crates/extractors/tests/fixture_set_snapshot.rs
assertion_line: 106
expression: "extract_mentions(&body, &canonical_config())"
---
- entity: Pinecone
  char_offset: 97
  rank: 1
  matched_text: Pinecone
  is_brand: true
  sentiment:
    label: neutral
    score: 50
    lane: deterministic_lexicon
- entity: Qdrant
  char_offset: 194
  rank: 2
  matched_text: Qdrant
  is_brand: false
  sentiment:
    label: neutral
    score: 50
    lane: deterministic_lexicon
- entity: Weaviate
  char_offset: 216
  rank: 3
  matched_text: Weaviate
  is_brand: false
  sentiment:
    label: neutral
    score: 50
    lane: deterministic_lexicon
